// Bun Snapshot v1, https://bun.sh/docs/test/snapshots

exports[`compile returns compile output snapshot 1`] = `
{
  "ast": {
    "absolutePath": "__VIRTUAL__.sol",
    "exportedSymbols": {
      "InlineExample": [
        22,
      ],
    },
    "id": 23,
    "license": "MIT",
    "nodeType": "SourceUnit",
    "nodes": [
      {
        "id": 1,
        "literals": [
          "solidity",
          "^",
          "0.8",
          ".0",
        ],
        "nodeType": "PragmaDirective",
        "nodes": [],
        "src": "32:23:0",
      },
      {
        "abstract": false,
        "baseContracts": [],
        "canonicalName": "InlineExample",
        "contractDependencies": [],
        "contractKind": "contract",
        "fullyImplemented": true,
        "id": 22,
        "linearizedBaseContracts": [
          22,
        ],
        "name": "InlineExample",
        "nameLocation": "66:13:0",
        "nodeType": "ContractDefinition",
        "nodes": [
          {
            "constant": false,
            "id": 3,
            "mutability": "mutable",
            "name": "stored",
            "nameLocation": "100:6:0",
            "nodeType": "VariableDeclaration",
            "nodes": [],
            "scope": 22,
            "src": "84:22:0",
            "stateVariable": true,
            "storageLocation": "default",
            "typeDescriptions": {
              "typeIdentifier": "t_uint256",
              "typeString": "uint256",
            },
            "typeName": {
              "id": 2,
              "name": "uint256",
              "nodeType": "ElementaryTypeName",
              "src": "84:7:0",
              "typeDescriptions": {
                "typeIdentifier": "t_uint256",
                "typeString": "uint256",
              },
            },
            "visibility": "private",
          },
          {
            "body": {
              "id": 12,
              "nodeType": "Block",
              "nodes": [],
              "src": "151:28:0",
              "statements": [
                {
                  "expression": {
                    "id": 10,
                    "isConstant": false,
                    "isLValue": false,
                    "isPure": false,
                    "lValueRequested": false,
                    "leftHandSide": {
                      "id": 8,
                      "name": "stored",
                      "nodeType": "Identifier",
                      "overloadedDeclarations": [],
                      "referencedDeclaration": 3,
                      "src": "157:6:0",
                      "typeDescriptions": {
                        "typeIdentifier": "t_uint256",
                        "typeString": "uint256",
                      },
                    },
                    "nodeType": "Assignment",
                    "operator": "=",
                    "rightHandSide": {
                      "id": 9,
                      "name": "newValue",
                      "nodeType": "Identifier",
                      "overloadedDeclarations": [],
                      "referencedDeclaration": 5,
                      "src": "166:8:0",
                      "typeDescriptions": {
                        "typeIdentifier": "t_uint256",
                        "typeString": "uint256",
                      },
                    },
                    "src": "157:17:0",
                    "typeDescriptions": {
                      "typeIdentifier": "t_uint256",
                      "typeString": "uint256",
                    },
                  },
                  "id": 11,
                  "nodeType": "ExpressionStatement",
                  "src": "157:17:0",
                },
              ],
            },
            "functionSelector": "60fe47b1",
            "id": 13,
            "implemented": true,
            "kind": "function",
            "modifiers": [],
            "name": "set",
            "nameLocation": "120:3:0",
            "nodeType": "FunctionDefinition",
            "nodes": [],
            "parameters": {
              "id": 6,
              "nodeType": "ParameterList",
              "parameters": [
                {
                  "constant": false,
                  "id": 5,
                  "mutability": "mutable",
                  "name": "newValue",
                  "nameLocation": "132:8:0",
                  "nodeType": "VariableDeclaration",
                  "scope": 13,
                  "src": "124:16:0",
                  "stateVariable": false,
                  "storageLocation": "default",
                  "typeDescriptions": {
                    "typeIdentifier": "t_uint256",
                    "typeString": "uint256",
                  },
                  "typeName": {
                    "id": 4,
                    "name": "uint256",
                    "nodeType": "ElementaryTypeName",
                    "src": "124:7:0",
                    "typeDescriptions": {
                      "typeIdentifier": "t_uint256",
                      "typeString": "uint256",
                    },
                  },
                  "visibility": "internal",
                },
              ],
              "src": "123:18:0",
            },
            "returnParameters": {
              "id": 7,
              "nodeType": "ParameterList",
              "parameters": [],
              "src": "151:0:0",
            },
            "scope": 22,
            "src": "111:68:0",
            "stateMutability": "nonpayable",
            "virtual": false,
            "visibility": "external",
          },
          {
            "body": {
              "id": 20,
              "nodeType": "Block",
              "nodes": [],
              "src": "230:24:0",
              "statements": [
                {
                  "expression": {
                    "id": 18,
                    "name": "stored",
                    "nodeType": "Identifier",
                    "overloadedDeclarations": [],
                    "referencedDeclaration": 3,
                    "src": "243:6:0",
                    "typeDescriptions": {
                      "typeIdentifier": "t_uint256",
                      "typeString": "uint256",
                    },
                  },
                  "functionReturnParameters": 17,
                  "id": 19,
                  "nodeType": "Return",
                  "src": "236:13:0",
                },
              ],
            },
            "functionSelector": "6d4ce63c",
            "id": 21,
            "implemented": true,
            "kind": "function",
            "modifiers": [],
            "name": "get",
            "nameLocation": "192:3:0",
            "nodeType": "FunctionDefinition",
            "nodes": [],
            "parameters": {
              "id": 14,
              "nodeType": "ParameterList",
              "parameters": [],
              "src": "195:2:0",
            },
            "returnParameters": {
              "id": 17,
              "nodeType": "ParameterList",
              "parameters": [
                {
                  "constant": false,
                  "id": 16,
                  "mutability": "mutable",
                  "name": "",
                  "nameLocation": "-1:-1:-1",
                  "nodeType": "VariableDeclaration",
                  "scope": 21,
                  "src": "221:7:0",
                  "stateVariable": false,
                  "storageLocation": "default",
                  "typeDescriptions": {
                    "typeIdentifier": "t_uint256",
                    "typeString": "uint256",
                  },
                  "typeName": {
                    "id": 15,
                    "name": "uint256",
                    "nodeType": "ElementaryTypeName",
                    "src": "221:7:0",
                    "typeDescriptions": {
                      "typeIdentifier": "t_uint256",
                      "typeString": "uint256",
                    },
                  },
                  "visibility": "internal",
                },
              ],
              "src": "220:9:0",
            },
            "scope": 22,
            "src": "183:71:0",
            "stateMutability": "view",
            "virtual": false,
            "visibility": "external",
          },
        ],
        "scope": 23,
        "src": "57:199:0",
        "usedErrors": [],
        "usedEvents": [],
      },
    ],
    "src": "32:225:0",
  },
  "contracts": {
    "InlineExample": {
      "abi": [
        {
          "inputs": [],
          "name": "get",
          "outputs": [
            {
              "internalType": "uint256",
              "name": "",
              "type": "uint256",
            },
          ],
          "stateMutability": "view",
          "type": "function",
        },
        {
          "inputs": [
            {
              "internalType": "uint256",
              "name": "newValue",
              "type": "uint256",
            },
          ],
          "name": "set",
          "outputs": [],
          "stateMutability": "nonpayable",
          "type": "function",
        },
      ],
      "creationBytecode": {
        "bytes": [
          96,
          128,
          96,
          64,
          82,
          52,
          128,
          21,
          96,
          14,
          87,
          95,
          95,
          253,
          91,
          80,
          97,
          1,
          41,
          128,
          97,
          0,
          28,
          95,
          57,
          95,
          243,
          254,
          96,
          128,
          96,
          64,
          82,
          52,
          128,
          21,
          96,
          14,
          87,
          95,
          95,
          253,
          91,
          80,
          96,
          4,
          54,
          16,
          96,
          48,
          87,
          95,
          53,
          96,
          224,
          28,
          128,
          99,
          96,
          254,
          71,
          177,
          20,
          96,
          52,
          87,
          128,
          99,
          109,
          76,
          230,
          60,
          20,
          96,
          76,
          87,
          91,
          95,
          95,
          253,
          91,
          96,
          74,
          96,
          4,
          128,
          54,
          3,
          129,
          1,
          144,
          96,
          70,
          145,
          144,
          96,
          169,
          86,
          91,
          96,
          102,
          86,
          91,
          0,
          91,
          96,
          82,
          96,
          111,
          86,
          91,
          96,
          64,
          81,
          96,
          93,
          145,
          144,
          96,
          220,
          86,
          91,
          96,
          64,
          81,
          128,
          145,
          3,
          144,
          243,
          91,
          128,
          95,
          129,
          144,
          85,
          80,
          80,
          86,
          91,
          95,
          95,
          84,
          144,
          80,
          144,
          86,
          91,
          95,
          95,
          253,
          91,
          95,
          129,
          144,
          80,
          145,
          144,
          80,
          86,
          91,
          96,
          139,
          129,
          96,
          123,
          86,
          91,
          129,
          20,
          96,
          148,
          87,
          95,
          95,
          253,
          91,
          80,
          86,
          91,
          95,
          129,
          53,
          144,
          80,
          96,
          163,
          129,
          96,
          132,
          86,
          91,
          146,
          145,
          80,
          80,
          86,
          91,
          95,
          96,
          32,
          130,
          132,
          3,
          18,
          21,
          96,
          187,
          87,
          96,
          186,
          96,
          119,
          86,
          91,
          91,
          95,
          96,
          198,
          132,
          130,
          133,
          1,
          96,
          151,
          86,
          91,
          145,
          80,
          80,
          146,
          145,
          80,
          80,
          86,
          91,
          96,
          214,
          129,
          96,
          123,
          86,
          91,
          130,
          82,
          80,
          80,
          86,
          91,
          95,
          96,
          32,
          130,
          1,
          144,
          80,
          96,
          237,
          95,
          131,
          1,
          132,
          96,
          207,
          86,
          91,
          146,
          145,
          80,
          80,
          86,
          254,
          162,
          100,
          105,
          112,
          102,
          115,
          88,
          34,
          18,
          32,
          90,
          83,
          82,
          171,
          3,
          200,
          146,
          124,
          189,
          45,
          187,
          56,
          205,
          242,
          206,
          218,
          58,
          209,
          10,
          101,
          246,
          14,
          110,
          28,
          119,
          94,
          151,
          8,
          143,
          73,
          0,
          146,
          100,
          115,
          111,
          108,
          99,
          67,
          0,
          8,
          30,
          0,
          51,
        ],
        "hex": "0x6080604052348015600e575f5ffd5b506101298061001c5f395ff3fe6080604052348015600e575f5ffd5b50600436106030575f3560e01c806360fe47b11460345780636d4ce63c14604c575b5f5ffd5b604a60048036038101906046919060a9565b6066565b005b6052606f565b604051605d919060dc565b60405180910390f35b805f8190555050565b5f5f54905090565b5f5ffd5b5f819050919050565b608b81607b565b81146094575f5ffd5b50565b5f8135905060a3816084565b92915050565b5f6020828403121560bb5760ba6077565b5b5f60c6848285016097565b91505092915050565b60d681607b565b82525050565b5f60208201905060ed5f83018460cf565b9291505056fea26469706673582212205a5352ab03c8927cbd2dbb38cdf2ceda3ad10a65f60e6e1c775e97088f49009264736f6c634300081e0033",
      },
      "creationSourceMap": "57:199:0:-:0;;;;;;;;;;;;;;;;;;;",
      "deployedBytecode": {
        "bytes": [
          96,
          128,
          96,
          64,
          82,
          52,
          128,
          21,
          96,
          14,
          87,
          95,
          95,
          253,
          91,
          80,
          96,
          4,
          54,
          16,
          96,
          48,
          87,
          95,
          53,
          96,
          224,
          28,
          128,
          99,
          96,
          254,
          71,
          177,
          20,
          96,
          52,
          87,
          128,
          99,
          109,
          76,
          230,
          60,
          20,
          96,
          76,
          87,
          91,
          95,
          95,
          253,
          91,
          96,
          74,
          96,
          4,
          128,
          54,
          3,
          129,
          1,
          144,
          96,
          70,
          145,
          144,
          96,
          169,
          86,
          91,
          96,
          102,
          86,
          91,
          0,
          91,
          96,
          82,
          96,
          111,
          86,
          91,
          96,
          64,
          81,
          96,
          93,
          145,
          144,
          96,
          220,
          86,
          91,
          96,
          64,
          81,
          128,
          145,
          3,
          144,
          243,
          91,
          128,
          95,
          129,
          144,
          85,
          80,
          80,
          86,
          91,
          95,
          95,
          84,
          144,
          80,
          144,
          86,
          91,
          95,
          95,
          253,
          91,
          95,
          129,
          144,
          80,
          145,
          144,
          80,
          86,
          91,
          96,
          139,
          129,
          96,
          123,
          86,
          91,
          129,
          20,
          96,
          148,
          87,
          95,
          95,
          253,
          91,
          80,
          86,
          91,
          95,
          129,
          53,
          144,
          80,
          96,
          163,
          129,
          96,
          132,
          86,
          91,
          146,
          145,
          80,
          80,
          86,
          91,
          95,
          96,
          32,
          130,
          132,
          3,
          18,
          21,
          96,
          187,
          87,
          96,
          186,
          96,
          119,
          86,
          91,
          91,
          95,
          96,
          198,
          132,
          130,
          133,
          1,
          96,
          151,
          86,
          91,
          145,
          80,
          80,
          146,
          145,
          80,
          80,
          86,
          91,
          96,
          214,
          129,
          96,
          123,
          86,
          91,
          130,
          82,
          80,
          80,
          86,
          91,
          95,
          96,
          32,
          130,
          1,
          144,
          80,
          96,
          237,
          95,
          131,
          1,
          132,
          96,
          207,
          86,
          91,
          146,
          145,
          80,
          80,
          86,
          254,
          162,
          100,
          105,
          112,
          102,
          115,
          88,
          34,
          18,
          32,
          90,
          83,
          82,
          171,
          3,
          200,
          146,
          124,
          189,
          45,
          187,
          56,
          205,
          242,
          206,
          218,
          58,
          209,
          10,
          101,
          246,
          14,
          110,
          28,
          119,
          94,
          151,
          8,
          143,
          73,
          0,
          146,
          100,
          115,
          111,
          108,
          99,
          67,
          0,
          8,
          30,
          0,
          51,
        ],
        "hex": "0x6080604052348015600e575f5ffd5b50600436106030575f3560e01c806360fe47b11460345780636d4ce63c14604c575b5f5ffd5b604a60048036038101906046919060a9565b6066565b005b6052606f565b604051605d919060dc565b60405180910390f35b805f8190555050565b5f5f54905090565b5f5ffd5b5f819050919050565b608b81607b565b81146094575f5ffd5b50565b5f8135905060a3816084565b92915050565b5f6020828403121560bb5760ba6077565b5b5f60c6848285016097565b91505092915050565b60d681607b565b82525050565b5f60208201905060ed5f83018460cf565b9291505056fea26469706673582212205a5352ab03c8927cbd2dbb38cdf2ceda3ad10a65f60e6e1c775e97088f49009264736f6c634300081e0033",
      },
      "devdoc": {},
      "methodIdentifiers": {
        "get()": "6d4ce63c",
        "set(uint256)": "60fe47b1",
      },
      "name": "InlineExample",
      "sourcePath": "__VIRTUAL__.sol",
      "storageLayout": {
        "storage": [],
        "types": {},
      },
      "userdoc": {},
    },
  },
  "sourceId": 0,
  "sourcePath": "__VIRTUAL__.sol",
}
`;
